// Jest Snapshot v1, https://goo.gl/fbAQLP

exports[`Button example snapshot test on - ios 1`] = `
<View
  accessible={true}
  isTVSelectable={true}
  onResponderGrant={[Function]}
  onResponderMove={[Function]}
  onResponderRelease={[Function]}
  onResponderTerminate={[Function]}
  onResponderTerminationRequest={[Function]}
  onStartShouldSetResponder={[Function]}
  style={
    Object {
      "backgroundColor": "#1B95E0",
      "borderRadius": 3,
      "marginTop": 10,
      "marginVertical": 10,
      "padding": 20,
      "shadowColor": "#CCCCCC",
      "shadowOffset": Object {
        "height": 1,
        "width": 1,
      },
      "shadowOpacity": 0.5,
      "shadowRadius": 3,
    }
  }
>
  <Text
    accessible={true}
    allowFontScaling={true}
    ellipsizeMode="tail"
    style={
      Object {
        "color": "#fff",
        "fontSize": 16,
        "fontWeight": "bold",
      }
    }
  />
</View>
`;
